// Jest Snapshot v1, https://goo.gl/fbAQLP

exports[`Book change shelves 1`] = `
<ol
  className="books-grid"
/>
`;

exports[`Books are rendered in correct shelf 1`] = `
<ol
  className="books-grid"
/>
`;
